[LOG] FMOD_System_Create                       : Header version = 2.03.13. Current version = 2.03.13.
[LOG] system_create                            : Header version = 2.03.13. Current version = 2.03.13.
[LOG] SystemI::setOutputInternal               : Setting output to 'FMOD PulseAudio Output'
[LOG] Manager::init                            : maxchannels = 256 studioflags = 00000006 flags 00000000 extradriverdata (nil).
[LOG] SystemI::init                            : Initialize version=20313 (162576), maxchannels=256, flags=0x00020000
[LOG] OutputPulseAudio::PulseAudio_RegisterLib : Loaded PulseAudio version 15.99.0.
[LOG] PulseAudio_EnumOutputCallback            : Found output device NAME:alsa_output.pci-0000_04_00.6.analog-stereo DESC:Family 17h (Models 10h-1fh) HD Audio Controller Analog Stereo CHANNELS:2 RATE:44100.
[LOG] PulseAudio_EnumInputCallback             : Found input device NAME:alsa_output.pci-0000_04_00.6.analog-stereo.monitor DESC:Monitor of Family 17h (Models 10h-1fh) HD Audio Controller Analog Stereo CHANNELS:2 RATE:44100.
[LOG] PulseAudio_EnumInputCallback             : Found input device NAME:alsa_input.pci-0000_04_00.6.analog-stereo DESC:Family 17h (Models 10h-1fh) HD Audio Controller Analog Stereo CHANNELS:2 RATE:44100.
[LOG] Thread::initThread                       : Init FMOD stream thread. Affinity: 0x4000000000000003, Priority: 0xFFFF7FFB, Stack Size: 98304, Semaphore: No, Sleep Time: 10, Looping: Yes.
[LOG] FMOD_OS_Thread_Callback                  : Cannot set real-time thread priorities due to insufficient privileges
[LOG] SystemI::DSPCodecPoolRegister            : register codec pool for pool type 0
[LOG] Thread::initThread                       : Init FMOD mixer thread. Affinity: 0x4000000000000001, Priority: 0xFFFF7FFA, Stack Size: 81920, Semaphore: No, Sleep Time: 0, Looping: Yes.
[LOG] FMOD_OS_Thread_Callback                  : Cannot set real-time thread priorities due to insufficient privileges
[LOG] AsyncManager::init                       : manager 0x5ffada46d258 isAsync 0 updatePeriod 0.02
[LOG] AsyncManager::init                       : done
[LOG] PlaybackSystem::init                     : 
[LOG] Thread::initThread                       : Init FMOD Studio sample load thread. Affinity: 0x4000000000000003, Priority: 0xFFFF7FFD, Stack Size: 98304, Semaphore: No, Sleep Time: 1, Looping: No.
[LOG] FMOD_OS_Thread_Callback                  : Cannot set real-time thread priorities due to insufficient privileges
[LOG] PlaybackSystem::init                     : done
[LOG] Thread::initThread                       : Init FMOD Studio bank load thread. Affinity: 0x4000000000000003, Priority: 0xFFFF7FFD, Stack Size: 98304, Semaphore: No, Sleep Time: 1, Looping: No.
[LOG] FMOD_OS_Thread_Callback                  : Cannot set real-time thread priorities due to insufficient privileges
[LOG] Manager::init                            : done.
[LOG] BankLoader::serializeBank                : fileversion = 146, compatVersion = 146 (oldest = 44, newest = 146)
[LOG] BankLoader::serializeBank                : fileversion = 146, compatVersion = 146 (oldest = 44, newest = 146)
[LOG] PlaybackSystem::acquireMasterBus         : Setting master channel group format to 6
[LOG] SystemI::createSoundInternal             : Create name='', mode=0x02000202
[LOG] SystemI::createSoundInternal             : exinfo->cbsize             = 224
[LOG] SystemI::createSoundInternal             : exinfo->length             = 127808
[LOG] SystemI::createSoundInternal             : exinfo->fileoffset         = 14752
[LOG] SystemI::createSoundInternal             : exinfo->numsubsounds       = 1
[LOG] SystemI::createSoundInternal             : exinfo->inclusionlist      = 0x7522e843c244
[LOG] SystemI::createSoundInternal             : exinfo->inclusionlistnum   = 1
[LOG] SystemI::createSoundInternal             : exinfo->suggestedsoundtype = 5
[LOG] SystemI::createSoundInternal             : exinfo->useropen           = 0x752194347bc0
[LOG] SystemI::createSoundInternal             : exinfo->userclose          = 0x752194347c80
[LOG] SystemI::createSoundInternal             : exinfo->userread           = 0x752194347cb0
[LOG] SystemI::createSoundInternal             : exinfo->userseek           = 0x752194347d40
[LOG] SystemI::createSoundInternal             : exinfo->fileuserdata       = 0x75234c0d25a8
[LOG] SystemI::createSoundInternal             : exinfo->initialseekpostype = 1
[LOG] SystemI::DSPCodecPoolRegister            : register codec pool for pool type 4
[LOG] SystemI::createSoundInternal             : Sample 0/1: name='shield_block', format=5, channels=1, frequency=48000, lengthbytes=10112, lengthpcm=60285, pcmblocksize=0, loopstart=0, loopend=0, mode=0x00000000, channelmask=0x00000000, channelorder=0, peakvolume=1.000000.
[LOG] SoundI::release                          :  (0x75234c092098)
[LOG] SoundI::release                          :     shield_block (0x75234c0921f8)
[LOG] Thread::callback                         : FMOD Studio bank load thread finished.
[LOG] Thread::callback                         : FMOD Studio sample load thread finished.
[LOG] LiveUpdate::release                      : 
[LOG] LiveUpdate::reset                        : Reset connection (reason Disconnected)
[LOG] Thread::callback                         : FMOD stream thread finished.
[LOG] Thread::callback                         : FMOD mixer thread finished.
[LOG] SystemI::closeInternal                   : Closed.
